UASM v2.57, Mar 26 2026, Masm-compatible assembler.

icon_dummy.asm
                                ; icon_dummy.asm — ICON terrain stub (UASM)  v3
                                ;
                                ; Goal: same draw path as ICON1 (map index → stamp → B800), not file→PNG.
                                ; After this is solid, a host PNG tool can reuse the same blit rules.
                                ;
                                ; Load order:
                                ;   1) STAMPS.BIN + MAPRT.BIN  (optional runtime dumps → near byte-id vs live ICON)
                                ;   2) else BA.DAT [+BB.DAT] + LA.MAP  (on-disk; BA skip leading 5Ah → char,attr)
                                ;
                                ; Draw (ICON1-faithful):
                                ;   clear B800 to 00,00
                                ;   for strip_row 0..3, stamp_col 0..18:
                                ;     id = map[(cam_x+sc)*100 + (cam_y+sr)]
                                ;     blit 2×6 cells at (col=1+sc*2, row=2+sr*6) from bank+id*24 (char,attr)
                                ;   half-stamp at map x=cam_x+19 → column 39 only (live B800 right edge)
                                ;
                                ; Keys: arrows camera, R reset, ESC quit
                                ;
                                ; Build:  uasm -bin -Fo icon_dummy.com icon_dummy.asm
                                ; Run:    from ICON/ (data files beside COM)
                                ;
                                .8086
                                .model tiny
                                .code
 00000100                        start:
00000100  E9D701                        jmp     main

                                ; ---------------------------------------------------------------------------
 = 64                           MAP_STRIDE      equ     100
 = 18                           STAMP_BYTES     equ     24
 = C0                           STAMP_COUNT     equ     192             ; 96+96; ids mod this
 = 13                           VIEW_W          equ     19              ; full 2-cell stamps (ICON i=0..12h)
 = 4                            VIEW_H          equ     4
 = 1                            COL0            equ     1
 = 2                            ROW0            equ     2
 = 7                            CAM_X0_FILE     equ     7               ; cold start on LA.MAP
 = 4B                           CAM_Y0_FILE     equ     75
 = 0                            CAM_X0_RT       equ     0               ; runtime map already scrolled
 = 0                            CAM_Y0_RT       equ     0

 = 900                          BA_SIZE         equ     2304
 = 900                          BB_SIZE         equ     2304
 = 1200                         BANK_SIZE       equ     BA_SIZE + BB_SIZE
 = F00                          MAP_SIZE        equ     3840

                                ; ---------------------------------------------------------------------------
00000103  49434F4E2064756D6D    msg_boot        db      'ICON dummy v3: draw path + optional RT dumps.',0Dh,0Ah,'$'
00000133  4C6F61646564205354    msg_rt          db      'Loaded STAMPS.BIN + MAPRT.BIN (parity mode).',0Dh,0Ah,'$'
00000162  4C6F61646564204241    msg_file        db      'Loaded BA/BB + LA.MAP (file mode, BA bake).',0Dh,0Ah,'$'
00000190  464342206F70656E20    msg_no_ba       db      'FCB open BA.DAT failed.',0Dh,0Ah,'$'
000001AA  464342206F70656E20    msg_no_map      db      'FCB open LA.MAP / MAPRT.BIN failed.',0Dh,0Ah,'$'
000001D0  0D0A49434F4E206475    msg_bye         db      0Dh,0Ah,'ICON dummy exit. mode was: $'
000001EE  706172697479202853    msg_bye_rt      db      'parity (STAMPS+MAPRT)',0Dh,0Ah,'$'
00000206  66696C65202842412F    msg_bye_file    db      'file (BA/BB+LA.MAP)',0Dh,0Ah,'$'

                                ; FCB: drive, 8.3 name, 25 reserved (UASM: split db lines)
0000021C                        fcb_stamps:
0000021C  00                            db      0
0000021D  5354414D50532020              db      'STAMPS  '
00000225  42494E                        db      'BIN'
00000228  000000000000000000            db      25 dup (0)
00000241                        fcb_maprt:
00000241  00                            db      0
00000242  4D41505254202020              db      'MAPRT   '
0000024A  42494E                        db      'BIN'
0000024D  000000000000000000            db      25 dup (0)
00000266                        fcb_ba:
00000266  00                            db      0
00000267  4241202020202020              db      'BA      '
0000026F  444154                        db      'DAT'
00000272  000000000000000000            db      25 dup (0)
0000028B                        fcb_bb:
0000028B  00                            db      0
0000028C  4242202020202020              db      'BB      '
00000294  444154                        db      'DAT'
00000297  000000000000000000            db      25 dup (0)
000002B0                        fcb_map:
000002B0  00                            db      0
000002B1  4C41202020202020              db      'LA      '
000002B9  4D4150                        db      'MAP'
000002BC  000000000000000000            db      25 dup (0)

000002D5  0700                  cam_x   dw      CAM_X0_FILE
000002D7  4B00                  cam_y   dw      CAM_Y0_FILE
000002D9  00                    mode_rt db      0                       ; 1 = STAMPS+MAPRT

                                ; ---------------------------------------------------------------------------
000002DA                        main:
000002DA  0E                            push    cs
000002DB  1F                            pop     ds
000002DC  0E                            push    cs
000002DD  07                            pop     es

000002DE  BA0000                        mov     dx, offset msg_boot
000002E1  B409                          mov     ah, 09h
000002E3  CD21                          int     21h

                                        ; --- try parity dumps first ---
000002E5  C606000000                    mov     byte ptr mode_rt, 0
000002EA  BA0000                        mov     dx, offset fcb_stamps
000002ED  E89B01                        call    fcb_open
000002F0  723B                          jc      file_mode
000002F2  BA0000                        mov     dx, offset fcb_stamps
000002F5  BB0000                        mov     bx, offset bank_buf
000002F8  B92400                        mov     cx, BANK_SIZE / 128
000002FB  E8A901                        call    fcb_read_all

000002FE  BA0000                        mov     dx, offset fcb_maprt
00000301  E88701                        call    fcb_open
00000304  7227                          jc      file_mode_after_stamps
00000306  BA0000                        mov     dx, offset fcb_maprt
00000309  BB0000                        mov     bx, offset map_buf
0000030C  B91E00                        mov     cx, MAP_SIZE / 128
0000030F  E89501                        call    fcb_read_all

00000312  C606000001                    mov     byte ptr mode_rt, 1
00000317  C70600000000                  mov     word ptr cam_x, CAM_X0_RT
0000031D  C70600000000                  mov     word ptr cam_y, CAM_Y0_RT
00000323  BA0000                        mov     dx, offset msg_rt
00000326  B409                          mov     ah, 09h
00000328  CD21                          int     21h
0000032A  E9A300                        jmp     go_video

0000032D                        file_mode_after_stamps:
                                        ; STAMPS without MAPRT → fall through to full file mode
0000032D                        file_mode:
                                        ; --- BA.DAT required ---
0000032D  BA0000                        mov     dx, offset fcb_ba
00000330  E85801                        call    fcb_open
00000333  726C                          jc      err_ba
00000335  BA0000                        mov     dx, offset fcb_ba
00000338  BB0000                        mov     bx, offset bank_buf
0000033B  B91200                        mov     cx, BA_SIZE / 128
0000033E  E86601                        call    fcb_read_all
00000341  E87700                        call    bake_ba                 ; drop 5Ah; body is char,attr

                                        ; --- BB.DAT optional ---
00000344  BA0000                        mov     dx, offset fcb_bb
00000347  E84101                        call    fcb_open
0000034A  7222                          jc      bb_zero
0000034C  BA0000                        mov     dx, offset fcb_bb
0000034F  BB0009                        mov     bx, offset bank_buf + BA_SIZE
00000352  B91200                        mov     cx, BB_SIZE / 128
00000355  E84F01                        call    fcb_read_all
                                        ; bake BB the same way (leading 5Ah)
00000358  56                            push    si
00000359  57                            push    di
0000035A  51                            push    cx
0000035B  BE0109                        mov     si, offset bank_buf + BA_SIZE + 1
0000035E  BF0009                        mov     di, offset bank_buf + BA_SIZE
00000361  B9FF08                        mov     cx, BB_SIZE - 1
00000364  F3A4                          rep     movsb
00000366  C60500                        mov     byte ptr [di], 0
00000369  59                            pop     cx
0000036A  5F                            pop     di
0000036B  5E                            pop     si
0000036C  EB0A                          jmp     load_map
0000036E                        bb_zero:
0000036E  BF0009                        mov     di, offset bank_buf + BA_SIZE
00000371  B90009                        mov     cx, BB_SIZE
00000374  32C0                          xor     al, al
00000376  F3AA                          rep     stosb

00000378                        load_map:
00000378  BA0000                        mov     dx, offset fcb_map
0000037B  E80D01                        call    fcb_open
0000037E  722E                          jc      err_map
00000380  BA0000                        mov     dx, offset fcb_map
00000383  BB0000                        mov     bx, offset map_buf
00000386  B91E00                        mov     cx, MAP_SIZE / 128
00000389  E81B01                        call    fcb_read_all

0000038C  C70600000700                  mov     word ptr cam_x, CAM_X0_FILE
00000392  C70600004B00                  mov     word ptr cam_y, CAM_Y0_FILE
00000398  BA0000                        mov     dx, offset msg_file
0000039B  B409                          mov     ah, 09h
0000039D  CD21                          int     21h
0000039F  EB2F                          jmp     go_video

000003A1                        err_ba:
000003A1  E8DF00                        call    fail_mode3
000003A4  BA0000                        mov     dx, offset msg_no_ba
000003A7  B409                          mov     ah, 09h
000003A9  CD21                          int     21h
000003AB  E9D000                        jmp     exit_err
000003AE                        err_map:
000003AE  E8D200                        call    fail_mode3
000003B1  BA0000                        mov     dx, offset msg_no_map
000003B4  B409                          mov     ah, 09h
000003B6  CD21                          int     21h
000003B8  E9C300                        jmp     exit_err

                                ; ---------------------------------------------------------------------------
                                ; bake_ba: BA.DAT on disk is 5Ah + char,attr stream (live DS:207A stamps 0..90).
                                ; Shift bank_buf left by 1 within the BA half.
                                ; ---------------------------------------------------------------------------
000003BB                        bake_ba:
000003BB  56                            push    si
000003BC  57                            push    di
000003BD  51                            push    cx
000003BE  BE0100                        mov     si, offset bank_buf + 1
000003C1  BF0000                        mov     di, offset bank_buf
000003C4  B9FF08                        mov     cx, BA_SIZE - 1
000003C7  F3A4                          rep     movsb
000003C9  C60500                        mov     byte ptr [di], 0        ; pad last
000003CC  59                            pop     cx
000003CD  5F                            pop     di
000003CE  5E                            pop     si
000003CF  C3                            ret

                                ; ---------------------------------------------------------------------------
000003D0                        go_video:
000003D0  B80100                        mov     ax, 0001h               ; mode 01h 40×25
000003D3  CD10                          int     10h

000003D5                        main_loop:
000003D5  E8E600                        call    clear_b800
000003D8  E8F800                        call    blit_viewport

000003DB  32E4                          xor     ah, ah
000003DD  CD16                          int     16h
000003DF  80FC01                        cmp     ah, 01h                 ; ESC
000003E2  7476                          je      do_exit
000003E4  80FC48                        cmp     ah, 48h
000003E7  7419                          je      key_up
000003E9  80FC50                        cmp     ah, 50h
000003EC  7421                          je      key_dn
000003EE  80FC4B                        cmp     ah, 4Bh
000003F1  7429                          je      key_lf
000003F3  80FC4D                        cmp     ah, 4Dh
000003F6  7431                          je      key_rt
000003F8  3C72                          cmp     al, 'r'
000003FA  743A                          je      key_rst
000003FC  3C52                          cmp     al, 'R'
000003FE  7436                          je      key_rst
00000400  EBD3                          jmp     main_loop

00000402                        key_up:
00000402  833E000000                    cmp     word ptr cam_y, 0
00000407  74CC                          je      main_loop
00000409  FF0E0000                      dec     word ptr cam_y
0000040D  EBC6                          jmp     main_loop
0000040F                        key_dn:
0000040F  833E000060                    cmp     word ptr cam_y, 96
00000414  73BF                          jae     main_loop
00000416  FF060000                      inc     word ptr cam_y
0000041A  EBB9                          jmp     main_loop
0000041C                        key_lf:
0000041C  833E000000                    cmp     word ptr cam_x, 0
00000421  74B2                          je      main_loop
00000423  FF0E0000                      dec     word ptr cam_x
00000427  EBAC                          jmp     main_loop
00000429                        key_rt:
00000429  833E000012                    cmp     word ptr cam_x, 18      ; room for sc 0..18 and half at +19
0000042E  73A5                          jae     main_loop
00000430  FF060000                      inc     word ptr cam_x
00000434  EB9F                          jmp     main_loop
00000436                        key_rst:
00000436  803E000000                    cmp     byte ptr mode_rt, 0
0000043B  740E                          je      rst_file
0000043D  C70600000000                  mov     word ptr cam_x, CAM_X0_RT
00000443  C70600000000                  mov     word ptr cam_y, CAM_Y0_RT
00000449  EB8A                          jmp     main_loop
0000044B                        rst_file:
0000044B  C70600000700                  mov     word ptr cam_x, CAM_X0_FILE
00000451  C70600004B00                  mov     word ptr cam_y, CAM_Y0_FILE
00000457  E97BFF                        jmp     main_loop

0000045A                        do_exit:
0000045A  B80300                        mov     ax, 0003h
0000045D  CD10                          int     10h
                                        ; Mode-set wipes the pre-video banner — report mode here in 80-col text.
0000045F  BA0000                        mov     dx, offset msg_bye
00000462  B409                          mov     ah, 09h
00000464  CD21                          int     21h
00000466  803E000000                    cmp     byte ptr mode_rt, 0
0000046B  7405                          je      bye_file
0000046D  BA0000                        mov     dx, offset msg_bye_rt
00000470  EB03                          jmp     bye_print
00000472                        bye_file:
00000472  BA0000                        mov     dx, offset msg_bye_file
00000475                        bye_print:
00000475  B409                          mov     ah, 09h
00000477  CD21                          int     21h
00000479  B8004C                        mov     ax, 4C00h
0000047C  CD21                          int     21h

0000047E                        exit_err:
0000047E  B8014C                        mov     ax, 4C01h
00000481  CD21                          int     21h

00000483                        fail_mode3:
00000483  50                            push    ax
00000484  B80300                        mov     ax, 0003h
00000487  CD10                          int     10h
00000489  58                            pop     ax
0000048A  C3                            ret

                                ; ---------------------------------------------------------------------------
0000048B                        fcb_open:
0000048B  B40F                          mov     ah, 0Fh
0000048D  CD21                          int     21h
0000048F  3C00                          cmp     al, 0
00000491  7402                          je      fcb_open_ok
00000493  F9                            stc
00000494  C3                            ret
00000495                        fcb_open_ok:
00000495  8BDA                          mov     bx, dx
00000497  C7470E8000                    mov     word ptr [bx+14], 128
0000049C  C7470C0000                    mov     word ptr [bx+12], 0
000004A1  C6472000                      mov     byte ptr [bx+32], 0
000004A5  F8                            clc
000004A6  C3                            ret

                                ; DX=FCB, BX=dest, CX=#records
000004A7                        fcb_read_all:
000004A7                        fcb_rd_loop:
000004A7  51                            push    cx
000004A8  52                            push    dx
000004A9  8BD3                          mov     dx, bx
000004AB  B41A                          mov     ah, 1Ah
000004AD  CD21                          int     21h
000004AF  5A                            pop     dx
000004B0  52                            push    dx
000004B1  B414                          mov     ah, 14h
000004B3  CD21                          int     21h
000004B5  5A                            pop     dx
000004B6  81C38000                      add     bx, 128
000004BA  59                            pop     cx
000004BB  E2EA                          loop    fcb_rd_loop
000004BD  C3                            ret

                                ; ---------------------------------------------------------------------------
000004BE                        clear_b800:
000004BE  06                            push    es
000004BF  57                            push    di
000004C0  51                            push    cx
000004C1  B800B8                        mov     ax, 0B800h
000004C4  8EC0                          mov     es, ax
000004C6  33FF                          xor     di, di
000004C8  B9E803                        mov     cx, 40*25
000004CB  33C0                          xor     ax, ax
000004CD  F3AB                          rep     stosw
000004CF  59                            pop     cx
000004D0  5F                            pop     di
000004D1  07                            pop     es
000004D2  C3                            ret

                                ; ---------------------------------------------------------------------------
                                ; blit_viewport — ICON1 grid + col-39 half stamp
                                ; bank_buf cells are already char,attr (runtime order)
                                ; ---------------------------------------------------------------------------
000004D3                        blit_viewport:
000004D3  06                            push    es
000004D4  B800B8                        mov     ax, 0B800h
000004D7  8EC0                          mov     es, ax

000004D9  33ED                          xor     bp, bp                  ; sr
000004DB                        blit_sr:
000004DB  83FD04                        cmp     bp, VIEW_H
000004DE  7203E9E300                    jae     blit_done

000004E3  33F6                          xor     si, si                  ; sc
000004E5                        blit_sc:
000004E5  83FE13                        cmp     si, VIEW_W
000004E8  7376                          jae     blit_half               ; after 19 full stamps → col 39

                                        ; map index = (cam_x+sc)*100 + (cam_y+sr)
000004EA  8BC6                          mov     ax, si
000004EC  03060000                      add     ax, cam_x
000004F0  BB6400                        mov     bx, MAP_STRIDE
000004F3  F7E3                          mul     bx                      ; DX:AX  (save DX around later mul)
000004F5  03060000                      add     ax, cam_y
000004F9  03C5                          add     ax, bp
000004FB  8BD8                          mov     bx, ax
000004FD  8A870000                      mov     al, byte ptr [map_buf+bx]
00000501  32E4                          xor     ah, ah
00000503  B3C0                          mov     bl, STAMP_COUNT
00000505  F6F3                          div     bl                      ; AH = id mod 192
00000507  8AC4                          mov     al, ah
00000509  32E4                          xor     ah, ah

                                        ; DI → stamp in bank (char,attr pairs)
0000050B  BB1800                        mov     bx, STAMP_BYTES
0000050E  F7E3                          mul     bx
00000510  050000                        add     ax, offset bank_buf
00000513  8BF8                          mov     di, ax

                                        ; base row / col
00000515  8BC5                          mov     ax, bp
00000517  BB0600                        mov     bx, 6
0000051A  F7E3                          mul     bx
0000051C  83C002                        add     ax, ROW0
0000051F  8BC8                          mov     cx, ax                  ; row base

00000521  8BC6                          mov     ax, si
00000523  D1E0                          shl     ax, 1
00000525  83C001                        add     ax, COL0
00000528  8BD0                          mov     dx, ax                  ; col

0000052A  56                            push    si
0000052B  55                            push    bp
0000052C  33ED                          xor     bp, bp                  ; r within stamp
0000052E                        blit_r:
0000052E  83FD06                        cmp     bp, 6
00000531  7328                          jae     blit_stamp_done

00000533  8BC1                          mov     ax, cx
00000535  03C5                          add     ax, bp
00000537  83F819                        cmp     ax, 25
0000053A  7319                          jae     blit_r_next

0000053C  52                            push    dx
0000053D  BB2800                        mov     bx, 40
00000540  F7E3                          mul     bx                      ; clobbers DX
00000542  5A                            pop     dx
00000543  03C2                          add     ax, dx
00000545  D1E0                          shl     ax, 1
00000547  8BD8                          mov     bx, ax                  ; B800 offset

                                        ; already char,attr in bank
00000549  8B05                          mov     ax, word ptr [di]
0000054B  268907                        mov     word ptr es:[bx], ax
0000054E  8B4502                        mov     ax, word ptr [di+2]
00000551  26894702                      mov     word ptr es:[bx+2], ax

00000555                        blit_r_next:
00000555  83C704                        add     di, 4
00000558  45                            inc     bp
00000559  EBD3                          jmp     blit_r

0000055B                        blit_stamp_done:
0000055B  5D                            pop     bp
0000055C  5E                            pop     si
0000055D  46                            inc     si
0000055E  EB85                          jmp     blit_sc

                                ; --- half stamp: map x = cam_x+19 → column 39, left cell only ---
00000560                        blit_half:
00000560  A10000                        mov     ax, cam_x
00000563  83C013                        add     ax, VIEW_W              ; +19
00000566  BB6400                        mov     bx, MAP_STRIDE
00000569  F7E3                          mul     bx
0000056B  03060000                      add     ax, cam_y
0000056F  03C5                          add     ax, bp
00000571  8BD8                          mov     bx, ax
00000573  8A870000                      mov     al, byte ptr [map_buf+bx]
00000577  32E4                          xor     ah, ah
00000579  B3C0                          mov     bl, STAMP_COUNT
0000057B  F6F3                          div     bl
0000057D  8AC4                          mov     al, ah
0000057F  32E4                          xor     ah, ah
00000581  BB1800                        mov     bx, STAMP_BYTES
00000584  F7E3                          mul     bx
00000586  050000                        add     ax, offset bank_buf
00000589  8BF8                          mov     di, ax

0000058B  8BC5                          mov     ax, bp
0000058D  BB0600                        mov     bx, 6
00000590  F7E3                          mul     bx
00000592  83C002                        add     ax, ROW0
00000595  8BC8                          mov     cx, ax                  ; row base

00000597  55                            push    bp
00000598  33ED                          xor     bp, bp
0000059A                        half_r:
0000059A  83FD06                        cmp     bp, 6
0000059D  7322                          jae     half_done
0000059F  8BC1                          mov     ax, cx
000005A1  03C5                          add     ax, bp
000005A3  83F819                        cmp     ax, 25
000005A6  7313                          jae     half_next
000005A8  52                            push    dx
000005A9  BB2800                        mov     bx, 40
000005AC  F7E3                          mul     bx
000005AE  5A                            pop     dx
000005AF  83C027                        add     ax, 39                  ; column 39
000005B2  D1E0                          shl     ax, 1
000005B4  8BD8                          mov     bx, ax
000005B6  8B05                          mov     ax, word ptr [di]       ; left cell only
000005B8  268907                        mov     word ptr es:[bx], ax
000005BB                        half_next:
000005BB  83C704                        add     di, 4
000005BE  45                            inc     bp
000005BF  EBD9                          jmp     half_r
000005C1                        half_done:
000005C1  5D                            pop     bp

000005C2                        blit_sr_next:
000005C2  45                            inc     bp
000005C3  E915FF                        jmp     blit_sr

000005C6                        blit_done:
000005C6  07                            pop     es
000005C7  C3                            ret

                                ; ---------------------------------------------------------------------------
000005C8                        bank_buf:
000005C8  000000000000000000            db      BANK_SIZE dup (0)
000017C8                        map_buf:
000017C8  000000000000000000            db      MAP_SIZE dup (0)

                                end     start


Binary Map:

Segment                  Pos(file)     RVA  Size(fil) Size(mem)
---------------------------------------------------------------
_TEXT                           0      100      25C8      25C8
_DATA                        25C8     26C8         0         0
---------------------------------------------------------------
                                                25C8      25C8


Macros:

                N a m e                 Type

@CatStr  . . . . . . . . . . . .        Func
@Environ . . . . . . . . . . . .        Func
@InStr . . . . . . . . . . . . .        Func
@SizeStr . . . . . . . . . . . .        Func
@SubStr  . . . . . . . . . . . .        Func
ALIGNADDR  . . . . . . . . . . .        Proc
ASDOUBLE . . . . . . . . . . . .        Func
ASFLOAT  . . . . . . . . . . . .        Func
CLASS  . . . . . . . . . . . . .        Proc
CMETHOD  . . . . . . . . . . . .        Proc
COMINTERFACE . . . . . . . . . .        Proc
CSTATIC  . . . . . . . . . . . .        Proc
CSTR . . . . . . . . . . . . . .        Func
CVIRTUAL . . . . . . . . . . . .        Proc
ENDCLASS . . . . . . . . . . . .        Proc
ENDCOMINTERFACE  . . . . . . . .        Proc
ENDMETHOD  . . . . . . . . . . .        Proc
ENDMETHODS . . . . . . . . . . .        Proc
ENDOINTERFACE  . . . . . . . . .        Proc
ENDRAWINTERFACE  . . . . . . . .        Proc
EXPAND_PREFIX  . . . . . . . . .        Func
FP10 . . . . . . . . . . . . . .        Func
FP4  . . . . . . . . . . . . . .        Func
FP8  . . . . . . . . . . . . . .        Func
GETMASK128 . . . . . . . . . . .        Proc
LOADMSD  . . . . . . . . . . . .        Proc
LOADMSS  . . . . . . . . . . . .        Proc
LOADPS . . . . . . . . . . . . .        Proc
LOADSD . . . . . . . . . . . . .        Proc
LOADSS . . . . . . . . . . . . .        Proc
MEMALLOC . . . . . . . . . . . .        Proc
MEMFREE  . . . . . . . . . . . .        Proc
METHOD . . . . . . . . . . . . .        Proc
MOV128 . . . . . . . . . . . . .        Proc
MOV64  . . . . . . . . . . . . .        Proc
MOVXMMR128 . . . . . . . . . . .        Proc
NOTMASK128 . . . . . . . . . . .        Proc
OINTERFACE . . . . . . . . . . .        Proc
R4P  . . . . . . . . . . . . . .        Func
R8P  . . . . . . . . . . . . . .        Func
RAWINTERFACE . . . . . . . . . .        Proc
REGS15STORAGE  . . . . . . . . .        Proc
REPARG . . . . . . . . . . . . .        Func
RV . . . . . . . . . . . . . . .        Func
SHIFTLEFT128 . . . . . . . . . .        Proc
SHIFTRIGHT128  . . . . . . . . .        Proc
SLXMMR . . . . . . . . . . . . .        Proc
SRXMMR . . . . . . . . . . . . .        Proc
STATICMETHOD . . . . . . . . . .        Proc
STATICVECMETHOD  . . . . . . . .        Proc
STDFUNC  . . . . . . . . . . . .        Proc
UINVOKE  . . . . . . . . . . . .        Func
VECMETHOD  . . . . . . . . . . .        Proc
WSTR . . . . . . . . . . . . . .        Func
_ARRAY . . . . . . . . . . . . .        Func
_DECLARE . . . . . . . . . . . .        Proc
_DELETE  . . . . . . . . . . . .        Proc
_DELETEARRAY . . . . . . . . . .        Proc
_DEREF . . . . . . . . . . . . .        Proc
_DEREFI  . . . . . . . . . . . .        Func
_DEREFR  . . . . . . . . . . . .        Proc
_DEREFRR . . . . . . . . . . . .        Proc
_I . . . . . . . . . . . . . . .        Func
_INVOKE  . . . . . . . . . . . .        Proc
_ITEM  . . . . . . . . . . . . .        Func
_ITEMR . . . . . . . . . . . . .        Func
_NEW . . . . . . . . . . . . . .        Func
_RBXNEW  . . . . . . . . . . . .        Func
_SINVOKE . . . . . . . . . . . .        Proc
_STATIC  . . . . . . . . . . . .        Func
_STATICREF . . . . . . . . . . .        Proc
_V . . . . . . . . . . . . . . .        Func
_VINVOKE . . . . . . . . . . . .        Proc
arginvoke  . . . . . . . . . . .        Func


Structures and Unions:

                N a m e                 Size/Ofs   Type

__m128 . . . . . . . . . . . . .              10
  f32  . . . . . . . . . . . . .               0   __m128f
  i8 . . . . . . . . . . . . . .               0   __m128b
  i16  . . . . . . . . . . . . .               0   __m128w
  i32  . . . . . . . . . . . . .               0   __m128i
  d64  . . . . . . . . . . . . .               0   __m128d
  q64  . . . . . . . . . . . . .               0   __m128q
__m128b  . . . . . . . . . . . .              10
  b0 . . . . . . . . . . . . . .               0   Byte
  b1 . . . . . . . . . . . . . .               1   Byte
  b2 . . . . . . . . . . . . . .               2   Byte
  b3 . . . . . . . . . . . . . .               3   Byte
  b4 . . . . . . . . . . . . . .               4   Byte
  b5 . . . . . . . . . . . . . .               5   Byte
  b6 . . . . . . . . . . . . . .               6   Byte
  b7 . . . . . . . . . . . . . .               7   Byte
  b8 . . . . . . . . . . . . . .               8   Byte
  b9 . . . . . . . . . . . . . .               9   Byte
  b10  . . . . . . . . . . . . .               A   Byte
  b11  . . . . . . . . . . . . .               B   Byte
  b12  . . . . . . . . . . . . .               C   Byte
  b13  . . . . . . . . . . . . .               D   Byte
  b14  . . . . . . . . . . . . .               E   Byte
  b15  . . . . . . . . . . . . .               F   Byte
__m128d  . . . . . . . . . . . .              10
  d0 . . . . . . . . . . . . . .               0   
  d1 . . . . . . . . . . . . . .               8   
__m128f  . . . . . . . . . . . .              10
  f0 . . . . . . . . . . . . . .               0   
  f1 . . . . . . . . . . . . . .               4   
  f2 . . . . . . . . . . . . . .               8   
  f3 . . . . . . . . . . . . . .               C   
__m128i  . . . . . . . . . . . .              10
  i0 . . . . . . . . . . . . . .               0   DWord
  i1 . . . . . . . . . . . . . .               4   DWord
  i2 . . . . . . . . . . . . . .               8   DWord
  i3 . . . . . . . . . . . . . .               C   DWord
__m128q  . . . . . . . . . . . .              10
  q0 . . . . . . . . . . . . . .               0   QWord
  q1 . . . . . . . . . . . . . .               8   QWord
__m128w  . . . . . . . . . . . .              10
  w0 . . . . . . . . . . . . . .               0   Word
  w1 . . . . . . . . . . . . . .               2   Word
  w2 . . . . . . . . . . . . . .               4   Word
  w3 . . . . . . . . . . . . . .               6   Word
  w4 . . . . . . . . . . . . . .               8   Word
  w5 . . . . . . . . . . . . . .               A   Word
  w6 . . . . . . . . . . . . . .               C   Word
  w7 . . . . . . . . . . . . . .               E   Word
__m256 . . . . . . . . . . . . .              20
  f32  . . . . . . . . . . . . .               0   __m256f
  i8 . . . . . . . . . . . . . .               0   __m256b
  i16  . . . . . . . . . . . . .               0   __m256w
  i32  . . . . . . . . . . . . .               0   __m256i
  d64  . . . . . . . . . . . . .               0   __m256d
  q64  . . . . . . . . . . . . .               0   __m256q
__m256b  . . . . . . . . . . . .              20
  b0 . . . . . . . . . . . . . .               0   Byte
  b1 . . . . . . . . . . . . . .               1   Byte
  b2 . . . . . . . . . . . . . .               2   Byte
  b3 . . . . . . . . . . . . . .               3   Byte
  b4 . . . . . . . . . . . . . .               4   Byte
  b5 . . . . . . . . . . . . . .               5   Byte
  b6 . . . . . . . . . . . . . .               6   Byte
  b7 . . . . . . . . . . . . . .               7   Byte
  b8 . . . . . . . . . . . . . .               8   Byte
  b9 . . . . . . . . . . . . . .               9   Byte
  b10  . . . . . . . . . . . . .               A   Byte
  b11  . . . . . . . . . . . . .               B   Byte
  b12  . . . . . . . . . . . . .               C   Byte
  b13  . . . . . . . . . . . . .               D   Byte
  b14  . . . . . . . . . . . . .               E   Byte
  b15  . . . . . . . . . . . . .               F   Byte
  b16  . . . . . . . . . . . . .              10   Byte
  b17  . . . . . . . . . . . . .              11   Byte
  b18  . . . . . . . . . . . . .              12   Byte
  b19  . . . . . . . . . . . . .              13   Byte
  b20  . . . . . . . . . . . . .              14   Byte
  b21  . . . . . . . . . . . . .              15   Byte
  b22  . . . . . . . . . . . . .              16   Byte
  b23  . . . . . . . . . . . . .              17   Byte
  b24  . . . . . . . . . . . . .              18   Byte
  b25  . . . . . . . . . . . . .              19   Byte
  b26  . . . . . . . . . . . . .              1A   Byte
  b27  . . . . . . . . . . . . .              1B   Byte
  b28  . . . . . . . . . . . . .              1C   Byte
  b29  . . . . . . . . . . . . .              1D   Byte
  b30  . . . . . . . . . . . . .              1E   Byte
  b31  . . . . . . . . . . . . .              1F   Byte
__m256d  . . . . . . . . . . . .              20
  d0 . . . . . . . . . . . . . .               0   
  d1 . . . . . . . . . . . . . .               8   
  d2 . . . . . . . . . . . . . .              10   
  d3 . . . . . . . . . . . . . .              18   
__m256f  . . . . . . . . . . . .              20
  f0 . . . . . . . . . . . . . .               0   
  f1 . . . . . . . . . . . . . .               4   
  f2 . . . . . . . . . . . . . .               8   
  f3 . . . . . . . . . . . . . .               C   
  f4 . . . . . . . . . . . . . .              10   
  f5 . . . . . . . . . . . . . .              14   
  f6 . . . . . . . . . . . . . .              18   
  f7 . . . . . . . . . . . . . .              1C   
__m256i  . . . . . . . . . . . .              20
  i0 . . . . . . . . . . . . . .               0   DWord
  i1 . . . . . . . . . . . . . .               4   DWord
  i2 . . . . . . . . . . . . . .               8   DWord
  i3 . . . . . . . . . . . . . .               C   DWord
  i4 . . . . . . . . . . . . . .              10   DWord
  i5 . . . . . . . . . . . . . .              14   DWord
  i6 . . . . . . . . . . . . . .              18   DWord
  i7 . . . . . . . . . . . . . .              1C   DWord
__m256q  . . . . . . . . . . . .              20
  q0 . . . . . . . . . . . . . .               0   QWord
  q1 . . . . . . . . . . . . . .               8   QWord
  q2 . . . . . . . . . . . . . .              10   QWord
  q3 . . . . . . . . . . . . . .              18   QWord
__m256w  . . . . . . . . . . . .              20
  w0 . . . . . . . . . . . . . .               0   Word
  w1 . . . . . . . . . . . . . .               2   Word
  w2 . . . . . . . . . . . . . .               4   Word
  w3 . . . . . . . . . . . . . .               6   Word
  w4 . . . . . . . . . . . . . .               8   Word
  w5 . . . . . . . . . . . . . .               A   Word
  w6 . . . . . . . . . . . . . .               C   Word
  w7 . . . . . . . . . . . . . .               E   Word
  w8 . . . . . . . . . . . . . .              10   Word
  w9 . . . . . . . . . . . . . .              12   Word
  w10  . . . . . . . . . . . . .              14   Word
  w11  . . . . . . . . . . . . .              16   Word
  w12  . . . . . . . . . . . . .              18   Word
  w13  . . . . . . . . . . . . .              1A   Word
  w14  . . . . . . . . . . . . .              1C   Word
  w15  . . . . . . . . . . . . .              1E   Word
__m512 . . . . . . . . . . . . .              40
  f32  . . . . . . . . . . . . .               0   __m512f
  i8 . . . . . . . . . . . . . .               0   __m512b
  i16  . . . . . . . . . . . . .               0   __m512w
  i32  . . . . . . . . . . . . .               0   __m512i
  d64  . . . . . . . . . . . . .               0   __m512d
  q64  . . . . . . . . . . . . .               0   __m512q
__m512b  . . . . . . . . . . . .              40
  b0 . . . . . . . . . . . . . .               0   Byte
  b1 . . . . . . . . . . . . . .               1   Byte
  b2 . . . . . . . . . . . . . .               2   Byte
  b3 . . . . . . . . . . . . . .               3   Byte
  b4 . . . . . . . . . . . . . .               4   Byte
  b5 . . . . . . . . . . . . . .               5   Byte
  b6 . . . . . . . . . . . . . .               6   Byte
  b7 . . . . . . . . . . . . . .               7   Byte
  b8 . . . . . . . . . . . . . .               8   Byte
  b9 . . . . . . . . . . . . . .               9   Byte
  b10  . . . . . . . . . . . . .               A   Byte
  b11  . . . . . . . . . . . . .               B   Byte
  b12  . . . . . . . . . . . . .               C   Byte
  b13  . . . . . . . . . . . . .               D   Byte
  b14  . . . . . . . . . . . . .               E   Byte
  b15  . . . . . . . . . . . . .               F   Byte
  b16  . . . . . . . . . . . . .              10   Byte
  b17  . . . . . . . . . . . . .              11   Byte
  b18  . . . . . . . . . . . . .              12   Byte
  b19  . . . . . . . . . . . . .              13   Byte
  b20  . . . . . . . . . . . . .              14   Byte
  b21  . . . . . . . . . . . . .              15   Byte
  b22  . . . . . . . . . . . . .              16   Byte
  b23  . . . . . . . . . . . . .              17   Byte
  b24  . . . . . . . . . . . . .              18   Byte
  b25  . . . . . . . . . . . . .              19   Byte
  b26  . . . . . . . . . . . . .              1A   Byte
  b27  . . . . . . . . . . . . .              1B   Byte
  b28  . . . . . . . . . . . . .              1C   Byte
  b29  . . . . . . . . . . . . .              1D   Byte
  b30  . . . . . . . . . . . . .              1E   Byte
  b31  . . . . . . . . . . . . .              1F   Byte
  b32  . . . . . . . . . . . . .              20   Byte
  b33  . . . . . . . . . . . . .              21   Byte
  b34  . . . . . . . . . . . . .              22   Byte
  b35  . . . . . . . . . . . . .              23   Byte
  b36  . . . . . . . . . . . . .              24   Byte
  b37  . . . . . . . . . . . . .              25   Byte
  b38  . . . . . . . . . . . . .              26   Byte
  b39  . . . . . . . . . . . . .              27   Byte
  b40  . . . . . . . . . . . . .              28   Byte
  b41  . . . . . . . . . . . . .              29   Byte
  b42  . . . . . . . . . . . . .              2A   Byte
  b43  . . . . . . . . . . . . .              2B   Byte
  b44  . . . . . . . . . . . . .              2C   Byte
  b45  . . . . . . . . . . . . .              2D   Byte
  b46  . . . . . . . . . . . . .              2E   Byte
  b47  . . . . . . . . . . . . .              2F   Byte
  b48  . . . . . . . . . . . . .              30   Byte
  b49  . . . . . . . . . . . . .              31   Byte
  b50  . . . . . . . . . . . . .              32   Byte
  b51  . . . . . . . . . . . . .              33   Byte
  b52  . . . . . . . . . . . . .              34   Byte
  b53  . . . . . . . . . . . . .              35   Byte
  b54  . . . . . . . . . . . . .              36   Byte
  b55  . . . . . . . . . . . . .              37   Byte
  b56  . . . . . . . . . . . . .              38   Byte
  b57  . . . . . . . . . . . . .              39   Byte
  b58  . . . . . . . . . . . . .              3A   Byte
  b59  . . . . . . . . . . . . .              3B   Byte
  b60  . . . . . . . . . . . . .              3C   Byte
  b61  . . . . . . . . . . . . .              3D   Byte
  b62  . . . . . . . . . . . . .              3E   Byte
  b63  . . . . . . . . . . . . .              3F   Byte
__m512d  . . . . . . . . . . . .              40
  d0 . . . . . . . . . . . . . .               0   
  d1 . . . . . . . . . . . . . .               8   
  d2 . . . . . . . . . . . . . .              10   
  d3 . . . . . . . . . . . . . .              18   
  d4 . . . . . . . . . . . . . .              20   
  d5 . . . . . . . . . . . . . .              28   
  d6 . . . . . . . . . . . . . .              30   
  d7 . . . . . . . . . . . . . .              38   
__m512f  . . . . . . . . . . . .              40
  f0 . . . . . . . . . . . . . .               0   
  f1 . . . . . . . . . . . . . .               4   
  f2 . . . . . . . . . . . . . .               8   
  f3 . . . . . . . . . . . . . .               C   
  f4 . . . . . . . . . . . . . .              10   
  f5 . . . . . . . . . . . . . .              14   
  f6 . . . . . . . . . . . . . .              18   
  f7 . . . . . . . . . . . . . .              1C   
  f8 . . . . . . . . . . . . . .              20   
  f9 . . . . . . . . . . . . . .              24   
  f10  . . . . . . . . . . . . .              28   
  f11  . . . . . . . . . . . . .              2C   
  f12  . . . . . . . . . . . . .              30   
  f13  . . . . . . . . . . . . .              34   
  f14  . . . . . . . . . . . . .              38   
  f15  . . . . . . . . . . . . .              3C   
__m512i  . . . . . . . . . . . .              40
  i0 . . . . . . . . . . . . . .               0   DWord
  i1 . . . . . . . . . . . . . .               4   DWord
  i2 . . . . . . . . . . . . . .               8   DWord
  i3 . . . . . . . . . . . . . .               C   DWord
  i4 . . . . . . . . . . . . . .              10   DWord
  i5 . . . . . . . . . . . . . .              14   DWord
  i6 . . . . . . . . . . . . . .              18   DWord
  i7 . . . . . . . . . . . . . .              1C   DWord
  i8 . . . . . . . . . . . . . .              20   DWord
  i9 . . . . . . . . . . . . . .              24   DWord
  i10  . . . . . . . . . . . . .              28   DWord
  i11  . . . . . . . . . . . . .              2C   DWord
  i12  . . . . . . . . . . . . .              30   DWord
  i13  . . . . . . . . . . . . .              34   DWord
  i14  . . . . . . . . . . . . .              38   DWord
  i15  . . . . . . . . . . . . .              3C   DWord
__m512q  . . . . . . . . . . . .              40
  q0 . . . . . . . . . . . . . .               0   QWord
  q1 . . . . . . . . . . . . . .               8   QWord
  q2 . . . . . . . . . . . . . .              10   QWord
  q3 . . . . . . . . . . . . . .              18   QWord
  q4 . . . . . . . . . . . . . .              20   QWord
  q5 . . . . . . . . . . . . . .              28   QWord
  q6 . . . . . . . . . . . . . .              30   QWord
  q7 . . . . . . . . . . . . . .              38   QWord
__m512w  . . . . . . . . . . . .              40
  w0 . . . . . . . . . . . . . .               0   Word
  w1 . . . . . . . . . . . . . .               2   Word
  w2 . . . . . . . . . . . . . .               4   Word
  w3 . . . . . . . . . . . . . .               6   Word
  w4 . . . . . . . . . . . . . .               8   Word
  w5 . . . . . . . . . . . . . .               A   Word
  w6 . . . . . . . . . . . . . .               C   Word
  w7 . . . . . . . . . . . . . .               E   Word
  w8 . . . . . . . . . . . . . .              10   Word
  w9 . . . . . . . . . . . . . .              12   Word
  w10  . . . . . . . . . . . . .              14   Word
  w11  . . . . . . . . . . . . .              16   Word
  w12  . . . . . . . . . . . . .              18   Word
  w13  . . . . . . . . . . . . .              1A   Word
  w14  . . . . . . . . . . . . .              1C   Word
  w15  . . . . . . . . . . . . .              1E   Word
  w16  . . . . . . . . . . . . .              20   Word
  w17  . . . . . . . . . . . . .              22   Word
  w18  . . . . . . . . . . . . .              24   Word
  w19  . . . . . . . . . . . . .              26   Word
  w20  . . . . . . . . . . . . .              28   Word
  w21  . . . . . . . . . . . . .              2A   Word
  w22  . . . . . . . . . . . . .              2C   Word
  w23  . . . . . . . . . . . . .              2E   Word
  w24  . . . . . . . . . . . . .              30   Word
  w25  . . . . . . . . . . . . .              32   Word
  w26  . . . . . . . . . . . . .              34   Word
  w27  . . . . . . . . . . . . .              36   Word
  w28  . . . . . . . . . . . . .              38   Word
  w29  . . . . . . . . . . . . .              3A   Word
  w30  . . . . . . . . . . . . .              3C   Word
  w31  . . . . . . . . . . . . .              3E   Word


Segments and Groups:

                N a m e                 Size     Length   Align   Combine Class

DGROUP . . . . . . . . . . . . .        GROUP
_TEXT  . . . . . . . . . . . . .        16 Bit   26C8     Word    Public  'CODE'
_DATA  . . . . . . . . . . . . .        16 Bit   0000     Word    Public  'DATA'


Symbols:

                N a m e                 Type       Value     Attr

@CodeSize  . . . . . . . . . . .        Number             0h 
@DataSize  . . . . . . . . . . .        Number             0h 
@Interface . . . . . . . . . . .        Number             0h 
@Model . . . . . . . . . . . . .        Number             1h 
@code  . . . . . . . . . . . . .        Text   _TEXT
@data  . . . . . . . . . . . . .        Text   DGROUP
@stack . . . . . . . . . . . . .        Text   DGROUP
BANK_SIZE  . . . . . . . . . . .        Number          1200h 
BA_SIZE  . . . . . . . . . . . .        Number           900h 
BB_SIZE  . . . . . . . . . . . .        Number           900h 
CAM_X0_FILE  . . . . . . . . . .        Number             7h 
CAM_X0_RT  . . . . . . . . . . .        Number             0h 
CAM_Y0_FILE  . . . . . . . . . .        Number            4Bh 
CAM_Y0_RT  . . . . . . . . . . .        Number             0h 
COL0 . . . . . . . . . . . . . .        Number             1h 
MAP_SIZE . . . . . . . . . . . .        Number           F00h 
MAP_STRIDE . . . . . . . . . . .        Number            64h 
ROW0 . . . . . . . . . . . . . .        Number             2h 
STAMP_BYTES  . . . . . . . . . .        Number            18h 
STAMP_COUNT  . . . . . . . . . .        Number            C0h 
VIEW_H . . . . . . . . . . . . .        Number             4h 
VIEW_W . . . . . . . . . . . . .        Number            13h 
bake_ba  . . . . . . . . . . . .        L Near           3BBh _TEXT 
bank_buf . . . . . . . . . . . .        L Near           5C8h _TEXT 
bb_zero  . . . . . . . . . . . .        L Near           36Eh _TEXT 
blit_done  . . . . . . . . . . .        L Near           5C6h _TEXT 
blit_half  . . . . . . . . . . .        L Near           560h _TEXT 
blit_r . . . . . . . . . . . . .        L Near           52Eh _TEXT 
blit_r_next  . . . . . . . . . .        L Near           555h _TEXT 
blit_sc  . . . . . . . . . . . .        L Near           4E5h _TEXT 
blit_sr  . . . . . . . . . . . .        L Near           4DBh _TEXT 
blit_sr_next . . . . . . . . . .        L Near           5C2h _TEXT 
blit_stamp_done  . . . . . . . .        L Near           55Bh _TEXT 
blit_viewport  . . . . . . . . .        L Near           4D3h _TEXT 
bye_file . . . . . . . . . . . .        L Near           472h _TEXT 
bye_print  . . . . . . . . . . .        L Near           475h _TEXT 
cam_x  . . . . . . . . . . . . .        Word             2D5h _TEXT 
cam_y  . . . . . . . . . . . . .        Word             2D7h _TEXT 
clear_b800 . . . . . . . . . . .        L Near           4BEh _TEXT 
do_exit  . . . . . . . . . . . .        L Near           45Ah _TEXT 
err_ba . . . . . . . . . . . . .        L Near           3A1h _TEXT 
err_map  . . . . . . . . . . . .        L Near           3AEh _TEXT 
exit_err . . . . . . . . . . . .        L Near           47Eh _TEXT 
fail_mode3 . . . . . . . . . . .        L Near           483h _TEXT 
fcb_ba . . . . . . . . . . . . .        L Near           266h _TEXT 
fcb_bb . . . . . . . . . . . . .        L Near           28Bh _TEXT 
fcb_map  . . . . . . . . . . . .        L Near           2B0h _TEXT 
fcb_maprt  . . . . . . . . . . .        L Near           241h _TEXT 
fcb_open . . . . . . . . . . . .        L Near           48Bh _TEXT 
fcb_open_ok  . . . . . . . . . .        L Near           495h _TEXT 
fcb_rd_loop  . . . . . . . . . .        L Near           4A7h _TEXT 
fcb_read_all . . . . . . . . . .        L Near           4A7h _TEXT 
fcb_stamps . . . . . . . . . . .        L Near           21Ch _TEXT 
file_mode  . . . . . . . . . . .        L Near           32Dh _TEXT 
file_mode_after_stamps . . . . .        L Near           32Dh _TEXT 
go_video . . . . . . . . . . . .        L Near           3D0h _TEXT 
half_done  . . . . . . . . . . .        L Near           5C1h _TEXT 
half_next  . . . . . . . . . . .        L Near           5BBh _TEXT 
half_r . . . . . . . . . . . . .        L Near           59Ah _TEXT 
key_dn . . . . . . . . . . . . .        L Near           40Fh _TEXT 
key_lf . . . . . . . . . . . . .        L Near           41Ch _TEXT 
key_rst  . . . . . . . . . . . .        L Near           436h _TEXT 
key_rt . . . . . . . . . . . . .        L Near           429h _TEXT 
key_up . . . . . . . . . . . . .        L Near           402h _TEXT 
load_map . . . . . . . . . . . .        L Near           378h _TEXT 
main . . . . . . . . . . . . . .        L Near           2DAh _TEXT 
main_loop  . . . . . . . . . . .        L Near           3D5h _TEXT 
map_buf  . . . . . . . . . . . .        L Near          17C8h _TEXT 
mode_rt  . . . . . . . . . . . .        Byte             2D9h _TEXT 
msg_boot . . . . . . . . . . . .        Byte[48]         103h _TEXT 
msg_bye  . . . . . . . . . . . .        Byte[30]         1D0h _TEXT 
msg_bye_file . . . . . . . . . .        Byte[22]         206h _TEXT 
msg_bye_rt . . . . . . . . . . .        Byte[24]         1EEh _TEXT 
msg_file . . . . . . . . . . . .        Byte[46]         162h _TEXT 
msg_no_ba  . . . . . . . . . . .        Byte[26]         190h _TEXT 
msg_no_map . . . . . . . . . . .        Byte[38]         1AAh _TEXT 
msg_rt . . . . . . . . . . . . .        Byte[47]         133h _TEXT 
rst_file . . . . . . . . . . . .        L Near           44Bh _TEXT 
start  . . . . . . . . . . . . .        L Near           100h _TEXT Public 

icon_dummy.asm: 505 lines, 2 passes, 3137 ms, 0 warnings, 0 errors
